\BOOKMARK [1][-]{section.1}{\376\377\000I\000n\000t\000r\000o\000d\000u\000c\000t\000i\000o\000n}{}% 1
\BOOKMARK [1][-]{section.2}{\376\377\000P\000r\000o\000j\000e\000c\000t\000i\000o\000n\000\040\000F\000r\000a\000m\000e\000w\000o\000r\000k}{}% 2
\BOOKMARK [2][-]{subsection.3}{\376\377\000T\000i\000m\000e\000-\000d\000i\000s\000c\000r\000e\000t\000e\000\040\000r\000e\000s\000i\000d\000u\000a\000l\000\040\000a\000n\000d\000\040\000E\000u\000c\000l\000i\000d\000e\000a\000n\000\040\000P\000O\000D\000\040\000b\000a\000s\000i\000s}{section.2}% 3
\BOOKMARK [2][-]{subsection.9}{\376\377\000L\000i\000n\000e\000a\000r\000\040\000P\000R\000O\000M\000\040\000a\000n\000d\000\040\000L\000S\000P\000G\000\040\000r\000e\000f\000e\000r\000e\000n\000c\000e}{section.2}% 4
\BOOKMARK [2][-]{subsection.13}{\376\377\000L\000i\000n\000e\000a\000r\000\040\000H\000P\000R\000O\000M\000\040\000a\000n\000d\000\040\000E\000C\000M\000\040\000f\000o\000r\000m\000u\000l\000a\000t\000i\000o\000n}{section.2}% 5
\BOOKMARK [1][-]{section.24}{\376\377\000L\000e\000a\000r\000n\000e\000d\000\040\000R\000e\000d\000u\000c\000e\000d\000\040\000R\000e\000p\000r\000e\000s\000e\000n\000t\000a\000t\000i\000o\000n\000s}{}% 6
\BOOKMARK [2][-]{subsection.25}{\376\377\000P\000R\000O\000M\040\023\000A\000N\000N\000\040\000c\000l\000o\000s\000u\000r\000e\000s}{section.24}% 7
\BOOKMARK [2][-]{subsection.34}{\376\377\000P\000R\000O\000M\040\023\000P\000O\000D\040\023\000A\000E\000\040\000a\000n\000d\000\040\000i\000n\000t\000r\000u\000s\000i\000v\000e\000\040\000t\000r\000i\000a\000l\000\040\000m\000a\000p\000s}{section.24}% 8
\BOOKMARK [2][-]{subsection.39}{\376\377\000M\000o\000d\000e\000l\000-\000s\000p\000e\000c\000i\000f\000i\000c\000\040\000E\000C\000M\000\040\000c\000o\000n\000s\000t\000r\000u\000c\000t\000i\000o\000n}{section.24}% 9
\BOOKMARK [2][-]{subsection.44}{\376\377\000N\000o\000n\000-\000i\000n\000t\000r\000u\000s\000i\000v\000e\000\040\000r\000e\000f\000e\000r\000e\000n\000c\000e\000\040\000m\000o\000d\000e\000l\000s}{section.24}% 10
\BOOKMARK [1][-]{section.47}{\376\377\000R\000e\000s\000i\000d\000u\000a\000l\000-\000A\000d\000a\000p\000t\000i\000v\000e\000\040\000S\000e\000c\000o\000n\000d\000a\000r\000y\000\040\000C\000o\000r\000r\000e\000c\000t\000i\000o\000n\000\040\000f\000o\000r\000\040\000C\000a\000s\000e\000\040\0002}{}% 11
\BOOKMARK [2][-]{subsection.48}{\376\377\000F\000r\000o\000m\000\040\000a\000\040\000p\000r\000e\000s\000c\000r\000i\000b\000e\000d\000\040\000t\000a\000i\000l\000\040\000t\000o\000\040\000a\000\040\000c\000o\000r\000r\000e\000c\000t\000e\000d\000\040\000t\000r\000i\000a\000l\000\040\000s\000p\000a\000c\000e}{section.47}% 12
\BOOKMARK [2][-]{subsection.52}{\376\377\000E\000l\000i\000m\000i\000n\000a\000t\000i\000n\000g\000\040\000t\000h\000e\000\040\000p\000r\000i\000m\000a\000r\000y\000\040\000i\000n\000c\000r\000e\000m\000e\000n\000t}{section.47}% 13
\BOOKMARK [2][-]{subsection.60}{\376\377\000A\000\040\000s\000m\000a\000l\000l\000\040\000K\000r\000y\000l\000o\000v\000\040\000s\000p\000a\000c\000e\000\040\000f\000o\000r\000\040\000t\000h\000e\000\040\000s\000e\000c\000o\000n\000d\000a\000r\000y\000\040\000c\000o\000r\000r\000e\000c\000t\000i\000o\000n}{section.47}% 14
\BOOKMARK [2][-]{subsection.65}{\376\377\000N\000o\000n\000l\000i\000n\000e\000a\000r\000\040\000s\000o\000l\000v\000e\000\040\000o\000n\000\040\000t\000h\000e\000\040\000f\000r\000o\000z\000e\000n\000\040\000a\000f\000f\000i\000n\000e\000\040\000s\000p\000a\000c\000e}{section.47}% 15
\BOOKMARK [2][-]{subsection.73}{\376\377\000I\000n\000t\000e\000r\000p\000r\000e\000t\000a\000t\000i\000o\000n\000,\000\040\000l\000i\000m\000i\000t\000i\000n\000g\000\040\000c\000a\000s\000e\000s\000,\000\040\000a\000n\000d\000\040\000c\000o\000s\000t}{section.47}% 16
\BOOKMARK [1][-]{section.75}{\376\377\000B\000e\000n\000c\000h\000m\000a\000r\000k\000\040\000a\000n\000d\000\040\000P\000R\000O\000M\000\040\000P\000r\000o\000t\000o\000c\000o\000l}{}% 17
\BOOKMARK [2][-]{subsection.76}{\376\377\000B\000u\000r\000g\000e\000r\000s\000\040\000p\000r\000o\000b\000l\000e\000m\000\040\000a\000n\000d\000\040\000d\000i\000s\000c\000r\000e\000t\000i\000z\000a\000t\000i\000o\000n}{section.75}% 18
\BOOKMARK [2][-]{subsection.79}{\376\377\000D\000a\000t\000a\000,\000\040\000v\000a\000l\000i\000d\000a\000t\000i\000o\000n\000,\000\040\000a\000n\000d\000\040\000o\000n\000l\000i\000n\000e\000\040\000p\000o\000i\000n\000t\000s}{section.75}% 19
\BOOKMARK [2][-]{subsection.82}{\376\377\000N\000e\000s\000t\000e\000d\000\040\000c\000o\000e\000f\000f\000i\000c\000i\000e\000n\000t\000-\000d\000a\000t\000a\000\040\000e\000n\000r\000i\000c\000h\000m\000e\000n\000t}{section.75}% 20
\BOOKMARK [2][-]{subsection.93}{\376\377\000M\000o\000d\000e\000l\000\040\000t\000r\000a\000i\000n\000i\000n\000g\000\040\000a\000n\000d\000\040\000s\000h\000a\000r\000e\000d\000\040\000C\000a\000s\000e\040\023\0002\000\040\000m\000a\000p}{section.75}% 21
\BOOKMARK [2][-]{subsection.97}{\376\377\000P\000r\000o\000t\000o\000c\000o\000l\000\040\000f\000o\000r\000\040\000t\000h\000e\000\040\000r\000e\000s\000i\000d\000u\000a\000l\000-\000a\000d\000a\000p\000t\000i\000v\000e\000\040\000c\000o\000m\000p\000a\000r\000i\000s\000o\000n}{section.75}% 22
\BOOKMARK [2][-]{subsection.99}{\376\377\000R\000e\000p\000o\000r\000t\000e\000d\000\040\000e\000r\000r\000o\000r\000s}{section.75}% 23
\BOOKMARK [1][-]{section.102}{\376\377\000E\000u\000c\000l\000i\000d\000e\000a\000n\000-\000P\000O\000D\000\040\000P\000R\000O\000M\000\040\000R\000e\000s\000u\000l\000t\000s}{}% 24
\BOOKMARK [2][-]{subsection.103}{\376\377\000B\000a\000s\000e\000l\000i\000n\000e\000\040\000s\000t\000a\000t\000e\000\040\000a\000c\000c\000u\000r\000a\000c\000y\000\040\000a\000n\000d\000\040\000s\000o\000l\000u\000t\000i\000o\000n\000\040\000f\000i\000e\000l\000d\000s}{section.102}% 25
\BOOKMARK [2][-]{subsection.108}{\376\377\000C\000o\000e\000f\000f\000i\000c\000i\000e\000n\000t\000\040\000d\000i\000a\000g\000n\000o\000s\000t\000i\000c\000s}{section.102}% 26
\BOOKMARK [2][-]{subsection.117}{\376\377\000C\000a\000s\000e\040\023\0002\000\040\000s\000o\000l\000v\000e\000d\000-\000d\000i\000m\000e\000n\000s\000i\000o\000n\000\040\000s\000w\000e\000e\000p}{section.102}% 27
\BOOKMARK [2][-]{subsection.124}{\376\377\000C\000o\000n\000t\000r\000o\000l\000l\000e\000d\000\040\000C\000a\000s\000e\040\023\0002\000\040\000t\000a\000i\000l\000\040\000p\000e\000r\000t\000u\000r\000b\000a\000t\000i\000o\000n}{section.102}% 28
\BOOKMARK [1][-]{section.130}{\376\377\000C\000a\000s\000e\040\023\0002\000\040\000A\000c\000c\000u\000r\000a\000c\000y\000\040\000R\000e\000c\000o\000v\000e\000r\000y\000\040\000B\000e\000f\000o\000r\000e\000\040\000D\000a\000t\000a\000\040\000E\000n\000r\000i\000c\000h\000m\000e\000n\000t}{}% 29
\BOOKMARK [2][-]{subsection.131}{\376\377\000S\000t\000a\000t\000e\000\040\000a\000c\000c\000u\000r\000a\000c\000y\000\040\000w\000i\000t\000h\000\040\000t\000h\000e\000\040\000u\000n\000c\000h\000a\000n\000g\000e\000d\000\040\000b\000a\000s\000e\000l\000i\000n\000e\000\040\000n\000e\000t\000w\000o\000r\000k}{section.130}% 30
\BOOKMARK [2][-]{subsection.136}{\376\377\000R\000e\000c\000o\000v\000e\000r\000y\000\040\000o\000f\000\040\000t\000h\000e\000\040\000f\000u\000l\000l\000\040\000c\000o\000o\000r\000d\000i\000n\000a\000t\000e\000\040\000t\000r\000a\000j\000e\000c\000t\000o\000r\000y}{section.130}% 31
\BOOKMARK [2][-]{subsection.141}{\376\377\000M\000e\000a\000s\000u\000r\000e\000d\000\040\000o\000n\000l\000i\000n\000e\000\040\000c\000o\000s\000t\000\040\000a\000n\000d\000\040\000s\000c\000o\000p\000e\000\040\000o\000f\000\040\000t\000h\000e\000\040\000r\000e\000s\000u\000l\000t}{section.130}% 32
\BOOKMARK [1][-]{section.144}{\376\377\000E\000f\000f\000e\000c\000t\000\040\000o\000f\000\040\000P\000R\000O\000M\000\040\000C\000o\000e\000f\000f\000i\000c\000i\000e\000n\000t\000-\000D\000a\000t\000a\000\040\000E\000n\000r\000i\000c\000h\000m\000e\000n\000t}{}% 33
\BOOKMARK [2][-]{subsection.145}{\376\377\000O\000f\000f\000l\000i\000n\000e\000\040\000r\000e\000g\000r\000e\000s\000s\000i\000o\000n\000\040\000a\000c\000c\000u\000r\000a\000c\000y}{section.144}% 34
\BOOKMARK [2][-]{subsection.148}{\376\377\000O\000n\000l\000i\000n\000e\000\040\000s\000t\000a\000t\000e\000\040\000a\000c\000c\000u\000r\000a\000c\000y}{section.144}% 35
\BOOKMARK [2][-]{subsection.155}{\376\377\000C\000o\000e\000f\000f\000i\000c\000i\000e\000n\000t\000\040\000d\000i\000a\000g\000n\000o\000s\000t\000i\000c\000s}{section.144}% 36
\BOOKMARK [1][-]{section.168}{\376\377\000C\000o\000n\000c\000l\000u\000s\000i\000o\000n\000s}{}% 37
\BOOKMARK [1][-]{appendix.169}{\376\377\000L\000S\000P\000G\000-\000S\000e\000n\000s\000i\000t\000i\000v\000e\000\040\000B\000a\000s\000i\000s\000\040\000E\000x\000p\000l\000o\000r\000a\000t\000i\000o\000n}{}% 38
