\BOOKMARK [1][-]{section.1}{\376\377\000I\000n\000t\000r\000o\000d\000u\000c\000t\000i\000o\000n}{}% 1
\BOOKMARK [1][-]{section.3}{\376\377\000L\000i\000n\000e\000a\000r\000\040\000P\000R\000O\000M\000/\000H\000P\000R\000O\000M\000\040\000R\000e\000f\000e\000r\000e\000n\000c\000e\000\040\000a\000n\000d\000\040\000N\000o\000t\000a\000t\000i\000o\000n}{}% 2
\BOOKMARK [2][-]{subsection.4}{\376\377\000P\000O\000D\000\040\000b\000a\000s\000i\000s\000\040\000f\000r\000o\000m\000\040\000S\000V\000D}{section.3}% 3
\BOOKMARK [2][-]{subsection.9}{\376\377\000L\000i\000n\000e\000a\000r\000\040\000t\000i\000m\000e\000-\000d\000i\000s\000c\000r\000e\000t\000e\000\040\000L\000S\000P\000G\000\040\000\050\000P\000R\000O\000M\000\051}{section.3}% 4
\BOOKMARK [2][-]{subsection.13}{\376\377\000L\000i\000n\000e\000a\000r\000\040\000H\000P\000R\000O\000M\000\040\000v\000i\000a\000\040\000E\000C\000S\000W}{section.3}% 5
\BOOKMARK [2][-]{subsection.17}{\376\377\000R\000O\000M\000-\000c\000o\000n\000s\000i\000s\000t\000e\000n\000t\000\040\000t\000r\000a\000i\000n\000i\000n\000g\000\040\000t\000a\000r\000g\000e\000t\000s}{section.3}% 6
\BOOKMARK [1][-]{section.18}{\376\377\000M\000e\000t\000h\000o\000d\000\040\000I\000:\000\040\000P\000R\000O\000M\000-\000A\000N\000N\000\040\000C\000l\000o\000s\000u\000r\000e\000\040\000M\000o\000d\000e\000l\000s}{}% 7
\BOOKMARK [2][-]{subsection.19}{\376\377\000M\000a\000n\000i\000f\000o\000l\000d\000\040\000d\000e\000f\000i\000n\000i\000t\000i\000o\000n\000s}{section.18}% 8
\BOOKMARK [2][-]{subsection.25}{\376\377\000L\000S\000P\000G\000/\000G\000a\000u\000s\000s\040\023\000N\000e\000w\000t\000o\000n\000\040\000s\000o\000l\000v\000e}{section.18}% 9
\BOOKMARK [2][-]{subsection.29}{\376\377\000E\000C\000S\000W\000\040\000h\000y\000p\000e\000r\000r\000e\000d\000u\000c\000e\000d\000\040\000f\000o\000r\000m}{section.18}% 10
\BOOKMARK [2][-]{subsection.31}{\376\377\000O\000f\000f\000l\000i\000n\000e\000\040\000t\000r\000a\000i\000n\000i\000n\000g\000\040\000t\000a\000r\000g\000e\000t}{section.18}% 11
\BOOKMARK [1][-]{section.32}{\376\377\000M\000e\000t\000h\000o\000d\000\040\000I\000I\000:\000\040\000P\000R\000O\000M\000-\000P\000O\000D\000-\000A\000E\000\040\000L\000a\000t\000e\000n\000t\000\040\000M\000a\000n\000i\000f\000o\000l\000d}{}% 12
\BOOKMARK [2][-]{subsection.33}{\376\377\000A\000u\000t\000o\000e\000n\000c\000o\000d\000e\000r\000\040\000a\000n\000d\000\040\000l\000a\000t\000e\000n\000t\000\040\000m\000a\000n\000i\000f\000o\000l\000d}{section.32}% 13
\BOOKMARK [2][-]{subsection.36}{\376\377\000L\000S\000P\000G\000/\000G\000a\000u\000s\000s\040\023\000N\000e\000w\000t\000o\000n\000\040\000s\000o\000l\000v\000e\000\040\000i\000n\000\040\000l\000a\000t\000e\000n\000t\000\040\000c\000o\000o\000r\000d\000i\000n\000a\000t\000e\000s}{section.32}% 14
\BOOKMARK [2][-]{subsection.40}{\376\377\000E\000C\000S\000W\000\040\000h\000y\000p\000e\000r\000r\000e\000d\000u\000c\000e\000d\000\040\000f\000o\000r\000m}{section.32}% 15
\BOOKMARK [1][-]{section.42}{\376\377\000M\000e\000t\000h\000o\000d\000\040\000I\000I\000I\000:\000\040\000D\000a\000t\000a\000-\000D\000r\000i\000v\000e\000n\000\040\000D\000i\000r\000e\000c\000t\000-\000C\000o\000e\000f\000f\000i\000c\000i\000e\000n\000t\000\040\000B\000a\000s\000e\000l\000i\000n\000e}{}% 16
\BOOKMARK [2][-]{subsection.43}{\376\377\000M\000o\000d\000e\000l\000\040\000d\000e\000f\000i\000n\000i\000t\000i\000o\000n}{section.42}% 17
\BOOKMARK [2][-]{subsection.45}{\376\377\000T\000r\000a\000i\000n\000i\000n\000g\000\040\000o\000b\000j\000e\000c\000t\000i\000v\000e\000\040\000a\000n\000d\000\040\000o\000n\000l\000i\000n\000e\000\040\000c\000o\000s\000t}{section.42}% 18
\BOOKMARK [1][-]{section.47}{\376\377\000M\000e\000t\000h\000o\000d\000\040\000I\000V\000:\000\040\000D\000a\000t\000a\000-\000D\000r\000i\000v\000e\000n\000\040\000L\000a\000t\000e\000n\000t\000\040\000P\000O\000D\000-\000D\000L\000\040\000B\000a\000s\000e\000l\000i\000n\000e}{}% 19
\BOOKMARK [2][-]{subsection.48}{\376\377\000M\000o\000d\000e\000l\000\040\000d\000e\000f\000i\000n\000i\000t\000i\000o\000n}{section.47}% 20
\BOOKMARK [2][-]{subsection.50}{\376\377\000T\000r\000a\000i\000n\000i\000n\000g\000\040\000o\000b\000j\000e\000c\000t\000i\000v\000e\000\040\000a\000n\000d\000\040\000o\000n\000l\000i\000n\000e\000\040\000c\000o\000s\000t}{section.47}% 21
\BOOKMARK [1][-]{section.51}{\376\377\000O\000p\000t\000i\000o\000n\000a\000l\000\040\000P\000h\000y\000s\000i\000c\000s\000-\000R\000e\000g\000u\000l\000a\000r\000i\000z\000e\000d\000\040\000T\000r\000a\000i\000n\000i\000n\000g\000\040\000N\000o\000t\000e}{}% 22
\BOOKMARK [1][-]{section.52}{\376\377\000B\000u\000r\000g\000e\000r\000s\000\040\000B\000e\000n\000c\000h\000m\000a\000r\000k\000\040\000a\000n\000d\000\040\000E\000x\000p\000e\000r\000i\000m\000e\000n\000t\000a\000l\000\040\000P\000r\000o\000t\000o\000c\000o\000l}{}% 23
\BOOKMARK [2][-]{subsection.53}{\376\377\000G\000o\000v\000e\000r\000n\000i\000n\000g\000\040\000e\000q\000u\000a\000t\000i\000o\000n\000s\000\040\000a\000n\000d\000\040\000p\000a\000r\000a\000m\000e\000t\000e\000r\000\040\000d\000o\000m\000a\000i\000n}{section.52}% 24
\BOOKMARK [2][-]{subsection.58}{\376\377\000N\000u\000m\000e\000r\000i\000c\000a\000l\000\040\000d\000i\000s\000c\000r\000e\000t\000i\000z\000a\000t\000i\000o\000n}{section.52}% 25
\BOOKMARK [2][-]{subsection.59}{\376\377\000T\000r\000a\000i\000n\000i\000n\000g\000\040\000a\000n\000d\000\040\000e\000v\000a\000l\000u\000a\000t\000i\000o\000n\000\040\000p\000r\000o\000t\000o\000c\000o\000l}{section.52}% 26
\BOOKMARK [2][-]{subsection.61}{\376\377\000B\000a\000c\000k\000e\000n\000d\000-\000c\000o\000n\000s\000i\000s\000t\000e\000n\000c\000y\000\040\000p\000o\000l\000i\000c\000y}{section.52}% 27
\BOOKMARK [2][-]{subsection.62}{\376\377\000R\000e\000p\000o\000r\000t\000e\000d\000\040\000q\000u\000a\000n\000t\000i\000t\000i\000e\000s}{section.52}% 28
\BOOKMARK [1][-]{section.63}{\376\377\000S\000h\000a\000l\000l\000o\000w\000-\000W\000a\000t\000e\000r\000\040\000B\000e\000n\000c\000h\000m\000a\000r\000k\000\040\000a\000n\000d\000\040\000E\000x\000p\000e\000r\000i\000m\000e\000n\000t\000a\000l\000\040\000P\000r\000o\000t\000o\000c\000o\000l}{}% 29
\BOOKMARK [2][-]{subsection.64}{\376\377\000G\000o\000v\000e\000r\000n\000i\000n\000g\000\040\000e\000q\000u\000a\000t\000i\000o\000n\000s\000\040\000a\000n\000d\000\040\000p\000a\000r\000a\000m\000e\000t\000e\000r\000i\000z\000e\000d\000\040\000i\000n\000i\000t\000i\000a\000l\000\040\000c\000o\000n\000d\000i\000t\000i\000o\000n}{section.63}% 30
\BOOKMARK [2][-]{subsection.69}{\376\377\000N\000u\000m\000e\000r\000i\000c\000a\000l\000\040\000s\000e\000t\000u\000p}{section.63}% 31
\BOOKMARK [2][-]{subsection.70}{\376\377\000S\000a\000m\000p\000l\000i\000n\000g\000\040\000p\000r\000o\000t\000o\000c\000o\000l\000\040\000a\000l\000i\000g\000n\000e\000d\000\040\000w\000i\000t\000h\000\040\000B\000u\000r\000g\000e\000r\000s}{section.63}% 32
\BOOKMARK [1][-]{section.71}{\376\377\000S\000c\000o\000p\000e\000\040\000f\000o\000r\000\040\000t\000h\000e\000\040\000C\000u\000r\000r\000e\000n\000t\000\040\000D\000r\000a\000f\000t}{}% 33
