\BOOKMARK [1][-]{section.1}{\376\377\000I\000n\000t\000r\000o\000d\000u\000c\000t\000i\000o\000n}{}% 1
\BOOKMARK [1][-]{section.3}{\376\377\000L\000i\000n\000e\000a\000r\000\040\000P\000R\000O\000M\000/\000H\000P\000R\000O\000M\000\040\000R\000e\000f\000e\000r\000e\000n\000c\000e\000\040\000a\000n\000d\000\040\000C\000o\000m\000m\000o\000n\000\040\000B\000a\000s\000i\000s}{}% 2
\BOOKMARK [2][-]{subsection.4}{\376\377\000G\000e\000n\000e\000r\000i\000c\000\040\000s\000e\000m\000i\000-\000d\000i\000s\000c\000r\000e\000t\000e\000\040\000I\000V\000P\000\040\000a\000n\000d\000\040\000r\000e\000s\000i\000d\000u\000a\000l\000\040\000n\000o\000t\000a\000t\000i\000o\000n}{section.3}% 3
\BOOKMARK [2][-]{subsection.7}{\376\377\000P\000O\000D\000\040\000b\000a\000s\000i\000s\000\040\000f\000r\000o\000m\000\040\000S\000V\000D}{section.3}% 4
\BOOKMARK [2][-]{subsection.12}{\376\377\000L\000i\000n\000e\000a\000r\000\040\000t\000i\000m\000e\000-\000d\000i\000s\000c\000r\000e\000t\000e\000\040\000L\000S\000P\000G\000\040\000r\000e\000f\000e\000r\000e\000n\000c\000e\000\040\000f\000o\000r\000m}{section.3}% 5
\BOOKMARK [2][-]{subsection.16}{\376\377\000L\000i\000n\000e\000a\000r\000\040\000H\000P\000R\000O\000M\000\040\000v\000i\000a\000\040\000t\000h\000e\000\040\000e\000m\000p\000i\000r\000i\000c\000a\000l\000\040\000c\000u\000b\000a\000t\000u\000r\000e\000\040\000m\000e\000t\000h\000o\000d}{section.3}% 6
\BOOKMARK [2][-]{subsection.28}{\376\377\000B\000a\000s\000i\000s\000\040\000M\000e\000t\000r\000i\000c\000\040\000a\000n\000d\000\040\000L\000o\000w\000/\000H\000i\000g\000h\000-\000C\000o\000o\000r\000d\000i\000n\000a\000t\000e\000\040\000S\000e\000n\000s\000i\000t\000i\000v\000i\000t\000y}{section.3}% 7
\BOOKMARK [3][-]{subsubsection.29}{\376\377\000E\000u\000c\000l\000i\000d\000e\000a\000n\000\040\000a\000n\000d\000\040\000M\000-\000r\000e\000g\000u\000l\000a\000r\000i\000z\000e\000d\000\040\000L\000S\000P\000G\000-\000s\000e\000n\000s\000i\000t\000i\000v\000e\000\040\000m\000e\000t\000r\000i\000c\000s}{subsection.28}% 8
\BOOKMARK [3][-]{subsubsection.33}{\376\377\000L\000o\000w\000/\000h\000i\000g\000h\000\040\000t\000r\000a\000n\000s\000f\000e\000r\000\040\000d\000i\000a\000g\000n\000o\000s\000t\000i\000c}{subsection.28}% 9
\BOOKMARK [3][-]{subsubsection.36}{\376\377\000B\000a\000s\000i\000s\000-\000s\000e\000l\000e\000c\000t\000i\000o\000n\000\040\000c\000r\000i\000t\000e\000r\000i\000o\000n}{subsection.28}% 10
\BOOKMARK [1][-]{section.37}{\376\377\000M\000e\000t\000h\000o\000d\000\040\000I\000:\000\040\000P\000R\000O\000M\000-\000A\000N\000N\000\040\000C\000l\000o\000s\000u\000r\000e\000\040\000M\000o\000d\000e\000l\000s}{}% 11
\BOOKMARK [2][-]{subsection.38}{\376\377\000M\000a\000n\000i\000f\000o\000l\000d\000\040\000d\000e\000f\000i\000n\000i\000t\000i\000o\000n\000s}{section.37}% 12
\BOOKMARK [2][-]{subsection.46}{\376\377\000L\000S\000P\000G\000/\000G\000a\000u\000s\000s\040\023\000N\000e\000w\000t\000o\000n\000\040\000s\000o\000l\000v\000e}{section.37}% 13
\BOOKMARK [2][-]{subsection.50}{\376\377\000E\000C\000M\000\040\000h\000y\000p\000e\000r\000r\000e\000d\000u\000c\000e\000d\000\040\000f\000o\000r\000m}{section.37}% 14
\BOOKMARK [1][-]{section.66}{\376\377\000M\000e\000t\000h\000o\000d\000\040\000I\000I\000:\000\040\000P\000R\000O\000M\000-\000P\000O\000D\000-\000A\000E\000\040\000L\000a\000t\000e\000n\000t\000\040\000M\000a\000n\000i\000f\000o\000l\000d}{}% 15
\BOOKMARK [2][-]{subsection.67}{\376\377\000A\000u\000t\000o\000e\000n\000c\000o\000d\000e\000r\000\040\000a\000n\000d\000\040\000l\000a\000t\000e\000n\000t\000\040\000m\000a\000n\000i\000f\000o\000l\000d}{section.66}% 16
\BOOKMARK [2][-]{subsection.72}{\376\377\000L\000S\000P\000G\000/\000G\000a\000u\000s\000s\040\023\000N\000e\000w\000t\000o\000n\000\040\000s\000o\000l\000v\000e\000\040\000i\000n\000\040\000l\000a\000t\000e\000n\000t\000\040\000c\000o\000o\000r\000d\000i\000n\000a\000t\000e\000s}{section.66}% 17
\BOOKMARK [2][-]{subsection.76}{\376\377\000E\000C\000M\000\040\000h\000y\000p\000e\000r\000r\000e\000d\000u\000c\000e\000d\000\040\000f\000o\000r\000m}{section.66}% 18
\BOOKMARK [1][-]{section.87}{\376\377\000M\000e\000t\000h\000o\000d\000\040\000I\000I\000I\000:\000\040\000N\000o\000n\000-\000I\000n\000t\000r\000u\000s\000i\000v\000e\000\040\000P\000O\000D\000-\000N\000N\000-\000R\000O\000M}{}% 19
\BOOKMARK [1][-]{section.92}{\376\377\000M\000e\000t\000h\000o\000d\000\040\000I\000V\000:\000\040\000P\000O\000D\000-\000D\000L\000-\000R\000O\000M\000\040\000\050\000L\000a\000t\000e\000n\000t\000,\000\040\000N\000o\000n\000-\000I\000n\000t\000r\000u\000s\000i\000v\000e\000\051}{}% 20
\BOOKMARK [1][-]{section.97}{\376\377\000B\000u\000r\000g\000e\000r\000s\000\040\000B\000e\000n\000c\000h\000m\000a\000r\000k\000\040\000a\000n\000d\000\040\000E\000x\000p\000e\000r\000i\000m\000e\000n\000t\000a\000l\000\040\000P\000r\000o\000t\000o\000c\000o\000l}{}% 21
\BOOKMARK [2][-]{subsection.98}{\376\377\000G\000o\000v\000e\000r\000n\000i\000n\000g\000\040\000e\000q\000u\000a\000t\000i\000o\000n\000s\000\040\000a\000n\000d\000\040\000p\000a\000r\000a\000m\000e\000t\000e\000r\000\040\000d\000o\000m\000a\000i\000n}{section.97}% 22
\BOOKMARK [2][-]{subsection.103}{\376\377\000N\000u\000m\000e\000r\000i\000c\000a\000l\000\040\000d\000i\000s\000c\000r\000e\000t\000i\000z\000a\000t\000i\000o\000n}{section.97}% 23
\BOOKMARK [2][-]{subsection.104}{\376\377\000T\000r\000a\000i\000n\000i\000n\000g\000\040\000a\000n\000d\000\040\000e\000v\000a\000l\000u\000a\000t\000i\000o\000n\000\040\000p\000r\000o\000t\000o\000c\000o\000l}{section.97}% 24
\BOOKMARK [2][-]{subsection.120}{\376\377\000P\000R\000O\000M\000\040\000a\000n\000d\000\040\000H\000P\000R\000O\000M\000\040\000E\000v\000a\000l\000u\000a\000t\000i\000o\000n\000\040\000P\000i\000p\000e\000l\000i\000n\000e\000s}{section.97}% 25
\BOOKMARK [2][-]{subsection.121}{\376\377\000R\000e\000p\000o\000r\000t\000e\000d\000\040\000M\000e\000t\000r\000i\000c\000s}{section.97}% 26
\BOOKMARK [1][-]{section.124}{\376\377\000B\000a\000s\000e\000l\000i\000n\000e\000\040\000P\000R\000O\000M\000-\000O\000n\000l\000y\000\040\000R\000e\000s\000u\000l\000t\000s}{}% 27
\BOOKMARK [1][-]{section.128}{\376\377\000B\000a\000s\000e\000l\000i\000n\000e\000\040\000O\000n\000l\000i\000n\000e\000\040\000C\000o\000e\000f\000f\000i\000c\000i\000e\000n\000t\000\040\000D\000i\000a\000g\000n\000o\000s\000t\000i\000c\000s}{}% 28
\BOOKMARK [2][-]{subsection.134}{\376\377\000C\000a\000s\000e\040\023\0002\000\040\000P\000R\000O\000M\000\040\000D\000i\000a\000g\000n\000o\000s\000t\000i\000c\000\040\000S\000w\000e\000e\000p}{section.128}% 29
\BOOKMARK [1][-]{section.139}{\376\377\000E\000f\000f\000e\000c\000t\000\040\000o\000f\000\040\000P\000R\000O\000M\000\040\000D\000a\000t\000a\000\040\000E\000n\000r\000i\000c\000h\000m\000e\000n\000t}{}% 30
\BOOKMARK [1][-]{section.150}{\376\377\000B\000a\000s\000e\000l\000i\000n\000e\000\040\000H\000P\000R\000O\000M\000\040\000R\000e\000s\000u\000l\000t\000s}{}% 31
\BOOKMARK [2][-]{subsection.159}{\376\377\000C\000a\000s\000e\040\023\0002\000\040\000H\000P\000R\000O\000M\000\040\000D\000i\000a\000g\000n\000o\000s\000t\000i\000c\000\040\000S\000w\000e\000e\000p}{section.150}% 32
\BOOKMARK [2][-]{subsection.163}{\376\377\000F\000i\000x\000e\000d\000-\000R\000u\000l\000e\000\040\000T\000a\000i\000l\000-\000E\000r\000r\000o\000r\000\040\000S\000e\000n\000s\000i\000t\000i\000v\000i\000t\000y}{section.150}% 33
\BOOKMARK [1][-]{section.166}{\376\377\000E\000f\000f\000e\000c\000t\000\040\000o\000f\000\040\000H\000P\000R\000O\000M\000\040\000C\000o\000e\000f\000f\000i\000c\000i\000e\000n\000t\000-\000D\000a\000t\000a\000\040\000E\000n\000r\000i\000c\000h\000m\000e\000n\000t}{}% 34
\BOOKMARK [1][-]{section.179}{\376\377\000C\000o\000n\000c\000l\000u\000s\000i\000o\000n\000s}{}% 35
\BOOKMARK [1][-]{appendix.188}{\376\377\000M\000a\000t\000c\000h\000e\000d\000\040\000C\000a\000s\000e\040\023\0002\000\040\000P\000R\000O\000M\040\023\000H\000P\000R\000O\000M\000\040\000D\000i\000a\000g\000n\000o\000s\000t\000i\000c\000s}{}% 36
\BOOKMARK [1][-]{appendix.191}{\376\377\000T\000a\000n\000g\000e\000n\000t\000-\000P\000r\000e\000s\000e\000r\000v\000i\000n\000g\000\040\000O\000r\000a\000c\000l\000e\000\040\000D\000i\000a\000g\000n\000o\000s\000t\000i\000c\000s\000\040\000f\000o\000r\000\040\000S\000t\000a\000t\000e\000-\000D\000e\000p\000e\000n\000d\000e\000n\000t\000\040\000C\000l\000o\000s\000u\000r\000e\000s}{}% 37
\BOOKMARK [1][-]{appendix.197}{\376\377\000B\000u\000r\000g\000e\000r\000s\000\040\000B\000a\000s\000i\000s\000-\000S\000e\000l\000e\000c\000t\000i\000o\000n\000\040\000D\000i\000a\000g\000n\000o\000s\000t\000i\000c\000s}{}% 38
